PID0&10
..wwwwwww..
.XwXwXwXwX.
wwwwwwwwwww
wXwXwXwXwXw
wwwwwwwwwww
wXwXwXwXwXw
wwwwwwwwwww
wXwXwXwXwXw
wwwwwwwwwww
.XwXwXwXwX.
..wwwwwww..
;START1&10
..wwwwwww..
.XwXwXwXwX.
wwwwwwwwwww
wXwXwXwXwXw
wwwwwwwwwww
wXwXwXwXwXw
wwwwwwwwwww
wXwXwXwXwXw
wwwwwwwwwww
.XwXwXwXwX.
..wwwwwww..
;T0&P0 100 100 1 2 2,P1 0 0 1 2 2&;T1&P0 100 100 1 2 2,P1 0 0 1 2 2&;T2&P0 100 100 1 2 2,P1 0 0 1 2 2&;T3&P0 100 100 1 2 2,P1 0 0 1 2 2&;T4&P0 100 98 1 2 2,P1 0 0 1 2 2&;T5&P0 100 96 1 2 2,P1 0 0 1 2 2&;T6&P0 100 96 1 2 2,P1 0 0 1 2 2&;T7&P0 100 96 1 2 2,P1 0 0 1 2 2&;T8&P0 100 96 1 2 2,P1 0 0 1 2 2&;T9&P0 100 96 1 2 2,P1 0 0 1 2 2&;T10&P0 100 96 1 2 2,P1 0 0 1 2 2&;T11&P0 100 96 1 2 2,P1 0 0 1 2 2&;T12&P0 100 96 1 2 2,P1 0 0 1 2 2&;T13&P0 100 96 1 2 2,P1 0 0 1 2 2&;T14&P0 100 96 1 2 2,P1 0 0 1 2 2&;T15&P0 100 98 1 2 2,P1 0 0 1 2 2&;T16&P0 100 100 1 2 2,P1 0 0 1 2 2&;T17&P0 100 102 1 2 2,P1 0 0 1 2 2&;T18&P0 100 104 1 2 2,P1 0 0 1 2 2&;T19&P0 100 104 1 2 2,P1 0 0 1 2 2&;T20&P0 100 104 1 2 2,P1 0 0 1 2 2&;T21&P0 100 104 1 2 2,P1 0 0 1 2 2&;T22&P0 100 104 1 2 2,P1 0 0 1 2 2&;T23&P0 100 104 1 2 2,P1 0 0 1 2 2&;T24&P0 100 104 0 2 2,P1 0 0 1 2 2&+* 10 10 2 40;T25&P0 100 104 0 2 2,P1 0 0 1 2 2&;T26&P0 100 104 0 2 2,P1 0 0 1 2 2&;T27&P0 100 104 0 2 2,P1 0 0 1 2 2&;T28&P0 100 104 0 2 2,P1 0 0 1 2 2&;T29&P0 100 104 0 2 2,P1 0 0 1 2 2&;T30&P0 100 102 0 2 2,P1 0 0 1 2 2&;T31&P0 100 100 0 2 2,P1 0 0 1 2 2&;T32&P0 100 98 0 2 2,P1 0 0 1 2 2&;T33&P0 100 98 0 2 2,P1 0 0 1 2 2&;T34&P0 100 98 0 2 2,P1 0 0 1 2 2&;T35&P0 100 98 0 2 2,P1 0 0 1 2 2&;T36&P0 100 98 0 2 2,P1 0 0 1 2 2&;T37&P0 100 98 0 2 2,P1 0 0 1 2 2&;T38&P0 100 98 0 2 2,P1 0 0 1 2 2&;T39&P0 100 98 0 2 2,P1 0 0 1 2 2&;T40&P0 100 98 0 2 2,P1 0 0 1 2 2&;T41&P0 100 98 0 2 2,P1 0 0 1 2 2&;T42&P0 100 98 0 2 2,P1 0 0 1 2 2&;T43&P0 100 98 0 2 2,P1 0 0 1 2 2&;T44&P0 100 98 0 2 2,P1 0 0 1 2 2&;T45&P0 100 98 0 2 2,P1 0 0 1 2 2&;T46&P0 100 98 0 2 2,P1 0 0 1 2 2&;T47&P0 100 98 0 2 2,P1 0 0 1 2 2&;T48&P0 100 98 0 2 2,P1 0 0 1 2 2&;T49&P0 100 98 0 2 2,P1 0 0 1 2 2&;T50&P0 100 98 0 2 2,P1 0 0 1 2 2&;T51&P0 100 98 0 2 2,P1 0 0 1 2 2&;T52&P0 100 98 0 2 2,P1 0 0 1 2 2&;T53&P0 100 98 0 2 2,P1 0 0 1 2 2&;T54&P0 100 98 0 2 2,P1 0 0 1 2 2&;T55&P0 100 98 0 2 2,P1 0 0 1 2 2&;T56&P0 100 98 0 2 2,P1 0 0 1 2 2&;T57&P0 100 98 0 2 2,P1 0 0 1 2 2&;T58&P0 100 98 0 2 2,P1 0 0 1 2 2&;T59&P0 100 98 0 2 2,P1 0 0 1 2 2&;T60&P0 100 98 0 2 2,P1 0 0 1 2 2&;T61&P0 100 98 0 2 2,P1 0 0 1 2 2&;T62&P0 100 98 0 2 2,P1 0 0 1 2 2&;T63&P0 100 98 0 2 2,P1 0 0 1 2 2&;T64&P0 dead,P1 0 0 1 2 2&-* 10 10,+# 10 10 2 3;REND -956;GEND P0 -956 2,P1 44 1;